// Jest Snapshot v1, https://goo.gl/fbAQLP

exports[`SchedulingFiltersComponent should render 1`] = `
<scheduling-filters
  courtSessionOptions={[Function Array]}
  durationFilterFn={[Function Function]}
  enableMultiDay={[Function Boolean]}
  errors={[Function EventEmitter_]}
  filterByOperationalUnit={[Function Function]}
  filtersSubmit={[Function EventEmitter_]}
  formModel={[Function Object]}
  initialValues={[Function Object]}
  operationalUnitOptions={[Function Array]}
  panelOptions={[Function Array]}
  slotFilterFn={[Function Function]}
  utils={[Function Object]}
>
  <div
    class="scheduling-filters-wrapper"
  >
    <h2
      class="govuk-heading-m"
      pdk-typography="heading-medium"
    >
      Search for a hearing slot
    </h2>
    <form
      class="ng-untouched ng-pristine ng-valid"
      data-test-id="schedulingFiltersForm"
      novalidate=""
      pdk-form=""
    >
      <pdk-grid
        class="govuk-grid-row"
        container=""
      >
        <pdk-grid
          class="govuk-grid-column-one-third"
          one-third=""
        >
          <pdk-form-field>
            <pdk-form-group
              class="pdk-form-group"
            >
              <label
                class="govuk-label"
                for="pdk-select-30"
              >
                 Operational unit (optional) 
              </label>
              <pdk-select
                class="ng-untouched ng-pristine ng-valid"
                justified=""
                placeholder="Choose operational unit"
              >
                <select
                  class="govuk-select pdk-select--justified"
                  id="pdk-select-30"
                  name="oucodeL2Code"
                >
                  <option
                    value=""
                  >
                    Choose operational unit
                  </option>
                </select>
              </pdk-select>
            </pdk-form-group>
          </pdk-form-field>
        </pdk-grid>
        <pdk-grid
          class="govuk-grid-column-one-third"
          one-third=""
        >
          <pdk-form-field
            label="Court"
          >
            <pdk-form-group
              class="pdk-form-group"
            >
              <label
                class="govuk-label"
                for="pdk-form-control-31"
              >
                 Court 
              </label>
              <cpp-organisation-unit-autosuggest
                class="ng-untouched ng-pristine ng-valid"
                name="organisationUnit"
                required=""
              >
                <pdk-autosuggest-lite>
                  <pdk-autosuggest
                    highlightcolor="blue"
                  >
                    <pdk-interaction-container>
                      <div>
                        <div
                          class="pdk-autosuggest"
                        >
                          <input
                            aria-autocomplete="list"
                            aria-controls="pdk-autosuggest__suggestions-container-48-listbox"
                            aria-describedby="pdk-autosuggest__instructions-49"
                            aria-expanded="false"
                            autocomplete="off"
                            class="pdk-autosuggest__input ng-untouched ng-pristine ng-valid govuk-input"
                            id="pdk-form-control-31"
                            role="combobox"
                            type="text"
                          />
                          <span
                            class="govuk-visually-hidden"
                            id="pdk-autosuggest__instructions-49"
                            pdk-visually-hidden=""
                          >
                             When autocomplete results are available, use the up and down arrows to review and Enter to select. Touch device users, explore options with swipe gestures. 
                          </span>
                          <span
                            aria-live="polite"
                            class="govuk-visually-hidden"
                            pdk-visually-hidden=""
                            role="status"
                          >
                          </span>
                          <div
                            class="pdk-autosuggest__suggestions-container"
                            id="pdk-autosuggest__suggestions-container-48"
                          >
                          </div>
                        </div>
                      </div>
                    </pdk-interaction-container>
                  </pdk-autosuggest>
                </pdk-autosuggest-lite>
              </cpp-organisation-unit-autosuggest>
            </pdk-form-group>
          </pdk-form-field>
        </pdk-grid>
        <pdk-grid
          class="govuk-grid-column-one-third"
          one-third=""
        >
          <pdk-form-field
            label="Courtroom"
          >
            <pdk-form-group
              class="pdk-form-group"
            >
              <label
                class="govuk-label"
                for="pdk-select-33"
              >
                 Courtroom 
              </label>
              <pdk-select
                class="ng-untouched ng-pristine ng-valid"
                justified=""
                placeholder="All"
              >
                <select
                  class="govuk-select pdk-select--justified"
                  id="pdk-select-33"
                  name="courtRoomId"
                >
                  <option
                    value=""
                  >
                    All
                  </option>
                </select>
              </pdk-select>
            </pdk-form-group>
          </pdk-form-field>
        </pdk-grid>
      </pdk-grid>
      <pdk-grid
        class="govuk-grid-row"
        container=""
      >
        <pdk-grid
          class="govuk-grid-column-one-third"
          one-third=""
        >
          <pdk-form-field
            label="Booking type"
            labeltype="small"
          >
            <pdk-form-group
              class="pdk-form-group"
            >
              <fieldset
                class="govuk-fieldset"
                pdk-fieldset=""
              >
                <legend
                  class="govuk-fieldset__legend govuk-fieldset__legend--s"
                >
                   Booking type 
                </legend>
                <pdk-radio-group
                  class="ng-untouched ng-pristine ng-valid"
                  name="bookingType"
                  small=""
                >
                  <div
                    class="govuk-radios govuk-radios--small"
                  >
                    <pdk-radio-button>
                      <div
                        class="govuk-radios__item"
                      >
                        <input
                          class="govuk-radios__input"
                          id="pdk-radio-36"
                          name="pdk-radio-group-35"
                          type="radio"
                          value="true"
                        />
                        <label
                          class="govuk-radios__label govuk-label"
                          for="pdk-radio-36"
                          pdk-label=""
                        >
                          Slot based
                        </label>
                      </div>
                    </pdk-radio-button>
                    <pdk-hint
                      class="govuk-hint"
                      style="display: block;"
                    >
                      <div>
                        For example, PSR
                      </div>
                    </pdk-hint>
                    <pdk-radio-button>
                      <div
                        class="govuk-radios__item"
                      >
                        <input
                          class="govuk-radios__input"
                          id="pdk-radio-37"
                          name="pdk-radio-group-35"
                          type="radio"
                          value="false"
                        />
                        <label
                          class="govuk-radios__label govuk-label"
                          for="pdk-radio-37"
                          pdk-label=""
                        >
                          Duration based
                        </label>
                      </div>
                    </pdk-radio-button>
                    <pdk-hint
                      class="govuk-hint"
                      style="display: block;"
                    >
                      <div>
                        For example, Trial
                      </div>
                    </pdk-hint>
                  </div>
                </pdk-radio-group>
              </fieldset>
            </pdk-form-group>
          </pdk-form-field>
        </pdk-grid>
        <pdk-grid
          class="govuk-grid-column-one-third"
          one-third=""
        >
          <pdk-form-field
            label="Business type (optional)"
          >
            <pdk-form-group
              class="pdk-form-group"
            >
              <label
                class="govuk-label"
                for="pdk-form-control-38"
              >
                 Business type (optional) 
              </label>
              <cpp-rota-business-type-select
                class="ng-untouched ng-pristine ng-valid"
                justified=""
              >
                <pdk-select>
                  <select
                    class="govuk-select pdk-select--justified"
                    id="pdk-form-control-38"
                    name="businessType"
                    required=""
                  >
                    <option
                      value=""
                    >
                      All slot based business types
                    </option>
                  </select>
                </pdk-select>
              </cpp-rota-business-type-select>
            </pdk-form-group>
          </pdk-form-field>
        </pdk-grid>
      </pdk-grid>
      <pdk-grid
        class="govuk-grid-row"
        container=""
      >
        <pdk-grid>
          <pdk-grid
            class="govuk-grid-column-one-third"
            one-third=""
          >
            <pdk-form-field
              label="Session type"
            >
              <pdk-form-group
                class="pdk-form-group"
              >
                <fieldset
                  class="govuk-fieldset"
                  pdk-fieldset=""
                >
                  <legend
                    class="govuk-fieldset__legend"
                  >
                     Session type 
                  </legend>
                  <pdk-radio-group
                    class="ng-untouched ng-pristine ng-valid"
                    inline=""
                    name="courtSession"
                    small=""
                  >
                    <div
                      class="govuk-radios govuk-radios--small govuk-radios--inline"
                    >
                      <pdk-radio-button>
                        <div
                          class="govuk-radios__item"
                        >
                          <input
                            class="govuk-radios__input"
                            id="pdk-radio-51"
                            name="pdk-radio-group-40"
                            type="radio"
                            value="undefined"
                          />
                          <label
                            class="govuk-radios__label govuk-label"
                            for="pdk-radio-51"
                            pdk-label=""
                          >
                             Any 
                          </label>
                        </div>
                      </pdk-radio-button>
                      <pdk-radio-button>
                        <div
                          class="govuk-radios__item"
                        >
                          <input
                            class="govuk-radios__input"
                            id="pdk-radio-52"
                            name="pdk-radio-group-40"
                            type="radio"
                            value="AM"
                          />
                          <label
                            class="govuk-radios__label govuk-label"
                            for="pdk-radio-52"
                            pdk-label=""
                          >
                             AM 
                          </label>
                        </div>
                      </pdk-radio-button>
                      <pdk-radio-button>
                        <div
                          class="govuk-radios__item"
                        >
                          <input
                            class="govuk-radios__input"
                            id="pdk-radio-53"
                            name="pdk-radio-group-40"
                            type="radio"
                            value="PM"
                          />
                          <label
                            class="govuk-radios__label govuk-label"
                            for="pdk-radio-53"
                            pdk-label=""
                          >
                             PM 
                          </label>
                        </div>
                      </pdk-radio-button>
                      <pdk-radio-button>
                        <div
                          class="govuk-radios__item"
                        >
                          <input
                            class="govuk-radios__input"
                            id="pdk-radio-54"
                            name="pdk-radio-group-40"
                            type="radio"
                            value="AD"
                          />
                          <label
                            class="govuk-radios__label govuk-label"
                            for="pdk-radio-54"
                            pdk-label=""
                          >
                             All day 
                          </label>
                        </div>
                      </pdk-radio-button>
                    </div>
                  </pdk-radio-group>
                </fieldset>
              </pdk-form-group>
            </pdk-form-field>
          </pdk-grid>
          <pdk-grid
            class="govuk-grid-column-one-third"
            one-third=""
          >
            <pdk-form-field
              label="Panel"
            >
              <pdk-form-group
                class="pdk-form-group"
              >
                <fieldset
                  class="govuk-fieldset"
                  pdk-fieldset=""
                >
                  <legend
                    class="govuk-fieldset__legend"
                  >
                     Panel 
                  </legend>
                  <pdk-radio-group
                    class="ng-untouched ng-pristine ng-valid"
                    inline=""
                    name="panel"
                    required=""
                    small=""
                  >
                    <div
                      class="govuk-radios govuk-radios--small govuk-radios--inline"
                    >
                      <pdk-radio-button>
                        <div
                          class="govuk-radios__item"
                        >
                          <input
                            class="govuk-radios__input"
                            id="pdk-radio-55"
                            name="pdk-radio-group-42"
                            type="radio"
                            value="ADULT"
                          />
                          <label
                            class="govuk-radios__label govuk-label"
                            for="pdk-radio-55"
                            pdk-label=""
                          >
                             Adult 
                          </label>
                        </div>
                      </pdk-radio-button>
                      <pdk-radio-button>
                        <div
                          class="govuk-radios__item"
                        >
                          <input
                            class="govuk-radios__input"
                            id="pdk-radio-56"
                            name="pdk-radio-group-42"
                            type="radio"
                            value="YOUTH"
                          />
                          <label
                            class="govuk-radios__label govuk-label"
                            for="pdk-radio-56"
                            pdk-label=""
                          >
                             Youth 
                          </label>
                        </div>
                      </pdk-radio-button>
                    </div>
                  </pdk-radio-group>
                </fieldset>
              </pdk-form-group>
            </pdk-form-field>
          </pdk-grid>
        </pdk-grid>
      </pdk-grid>
      <pdk-grid
        class="govuk-grid-row"
        container=""
      >
        <pdk-grid
          class="govuk-grid-column-one-third"
          one-third=""
        >
          <pdk-form-field
            label="Start date"
          >
            <pdk-form-group
              class="pdk-form-group"
            >
              <fieldset
                class="govuk-fieldset"
                pdk-fieldset=""
              >
                <legend
                  class="govuk-fieldset__legend"
                >
                   Start date 
                </legend>
                <div
                  class="scheduling-filters__start-date"
                >
                  <pdk-date-input
                    class="ng-untouched ng-pristine ng-valid"
                    name="sessionStartDate"
                    picker=""
                    required=""
                  >
                    <pdk-interaction-container>
                      <div>
                        <div
                          class="pdk-date-input"
                        >
                          <div
                            class="govuk-date-input ng-untouched ng-pristine ng-invalid"
                          >
                            <div
                              class="govuk-date-input__item"
                            >
                              <label
                                class="govuk-date-input__label govuk-label"
                                for="pdk-date-input-44-day"
                                pdk-label=""
                              >
                                 Day 
                              </label>
                              <input
                                autocomplete="off"
                                class="govuk-date-input__input ng-untouched ng-pristine ng-invalid govuk-input govuk-input--width-2"
                                formcontrolname="day"
                                id="pdk-date-input-44-day"
                                name="dateDay"
                                required=""
                                type="number"
                              />
                            </div>
                            <div
                              class="govuk-date-input__item"
                            >
                              <label
                                class="govuk-date-input__label govuk-label"
                                for="pdk-date-input-44-month"
                                pdk-label=""
                              >
                                 Month 
                              </label>
                              <input
                                autocomplete="off"
                                class="govuk-date-input__input ng-untouched ng-pristine ng-invalid govuk-input govuk-input--width-2"
                                formcontrolname="month"
                                id="pdk-date-input-44-month"
                                name="dateMonth"
                                required=""
                                type="number"
                              />
                            </div>
                            <div
                              class="govuk-date-input__item"
                            >
                              <label
                                class="govuk-date-input__label govuk-label"
                                for="pdk-date-input-44-year"
                                pdk-label=""
                              >
                                 Year 
                              </label>
                              <input
                                autocomplete="off"
                                class="govuk-date-input__input ng-untouched ng-pristine ng-invalid govuk-input govuk-input--width-4"
                                formcontrolname="year"
                                id="pdk-date-input-44-year"
                                name="dateYear"
                                required=""
                                type="number"
                              />
                            </div>
                          </div>
                          <div
                            class="pdk-!-negative-margin-left-2"
                            pdk-margin-left="-2"
                          >
                            <pdk-date-picker-toggle>
                              <pdk-interaction-container>
                                <div>
                                  <div
                                    aria-expanded="false"
                                    aria-label="Toggle date picker"
                                    class="pdk-date-picker__toggle"
                                    role="button"
                                    tabindex="0"
                                  >
                                    <pdk-date-picker-icon
                                      style="margin-top: -4px; display: inline-block; vertical-align: middle;"
                                    >
                                      <div
                                        style="display: flex; align-items: center; justify-content: center;"
                                      >
                                        <i
                                          style="height: 28px; width: 28px; fill: #333;"
                                        >
                                          <svg
                                            viewBox="0 0 448 512"
                                            xmlns="http://www.w3.org/2000/svg"
                                          >
                                            <path
                                              d="M148 288h-40c-6.6 0-12-5.4-12-12v-40c0-6.6 5.4-12 12-12h40c6.6 0 12 5.4 12 12v40c0 6.6-5.4 12-12 12zm108-12v-40c0-6.6-5.4-12-12-12h-40c-6.6 0-12 5.4-12 12v40c0 6.6 5.4 12 12 12h40c6.6 0 12-5.4 12-12zm96 0v-40c0-6.6-5.4-12-12-12h-40c-6.6 0-12 5.4-12 12v40c0 6.6 5.4 12 12 12h40c6.6 0 12-5.4 12-12zm-96 96v-40c0-6.6-5.4-12-12-12h-40c-6.6 0-12 5.4-12 12v40c0 6.6 5.4 12 12 12h40c6.6 0 12-5.4 12-12zm-96 0v-40c0-6.6-5.4-12-12-12h-40c-6.6 0-12 5.4-12 12v40c0 6.6 5.4 12 12 12h40c6.6 0 12-5.4 12-12zm192 0v-40c0-6.6-5.4-12-12-12h-40c-6.6 0-12 5.4-12 12v40c0 6.6 5.4 12 12 12h40c6.6 0 12-5.4 12-12zm96-260v352c0 26.5-21.5 48-48 48H48c-26.5 0-48-21.5-48-48V112c0-26.5 21.5-48 48-48h48V12c0-6.6 5.4-12 12-12h40c6.6 0 12 5.4 12 12v52h128V12c0-6.6 5.4-12 12-12h40c6.6 0 12 5.4 12 12v52h48c26.5 0 48 21.5 48 48zm-48 346V160H48v298c0 3.3 2.7 6 6 6h340c3.3 0 6-2.7 6-6z"
                                            />
                                          </svg>
                                        </i>
                                      </div>
                                    </pdk-date-picker-icon>
                                  </div>
                                </div>
                              </pdk-interaction-container>
                            </pdk-date-picker-toggle>
                          </div>
                        </div>
                      </div>
                    </pdk-interaction-container>
                  </pdk-date-input>
                  <div
                    class="scheduling-filters__start-date-conjunction govuk-!-padding-left-2"
                    pdk-padding-left="2"
                  >
                    to
                  </div>
                </div>
              </fieldset>
            </pdk-form-group>
          </pdk-form-field>
        </pdk-grid>
        <pdk-grid
          class="govuk-grid-column-one-third"
          one-third=""
        >
          <pdk-form-field
            label="End date"
          >
            <pdk-form-group
              class="pdk-form-group"
            >
              <fieldset
                class="govuk-fieldset"
                pdk-fieldset=""
              >
                <legend
                  class="govuk-fieldset__legend"
                >
                   End date 
                </legend>
                <pdk-date-input
                  class="ng-untouched ng-pristine ng-valid"
                  data-test-id="sessionEndDate"
                  name="sessionEndDate"
                  picker=""
                >
                  <pdk-interaction-container>
                    <div>
                      <div
                        class="pdk-date-input"
                      >
                        <div
                          class="govuk-date-input ng-untouched ng-pristine ng-invalid"
                        >
                          <div
                            class="govuk-date-input__item"
                          >
                            <label
                              class="govuk-date-input__label govuk-label"
                              for="pdk-date-input-46-day"
                              pdk-label=""
                            >
                               Day 
                            </label>
                            <input
                              autocomplete="off"
                              class="govuk-date-input__input ng-untouched ng-pristine ng-invalid govuk-input govuk-input--width-2"
                              formcontrolname="day"
                              id="pdk-date-input-46-day"
                              name="dateDay"
                              required=""
                              type="number"
                            />
                          </div>
                          <div
                            class="govuk-date-input__item"
                          >
                            <label
                              class="govuk-date-input__label govuk-label"
                              for="pdk-date-input-46-month"
                              pdk-label=""
                            >
                               Month 
                            </label>
                            <input
                              autocomplete="off"
                              class="govuk-date-input__input ng-untouched ng-pristine ng-invalid govuk-input govuk-input--width-2"
                              formcontrolname="month"
                              id="pdk-date-input-46-month"
                              name="dateMonth"
                              required=""
                              type="number"
                            />
                          </div>
                          <div
                            class="govuk-date-input__item"
                          >
                            <label
                              class="govuk-date-input__label govuk-label"
                              for="pdk-date-input-46-year"
                              pdk-label=""
                            >
                               Year 
                            </label>
                            <input
                              autocomplete="off"
                              class="govuk-date-input__input ng-untouched ng-pristine ng-invalid govuk-input govuk-input--width-4"
                              formcontrolname="year"
                              id="pdk-date-input-46-year"
                              name="dateYear"
                              required=""
                              type="number"
                            />
                          </div>
                        </div>
                        <div
                          class="pdk-!-negative-margin-left-2"
                          pdk-margin-left="-2"
                        >
                          <pdk-date-picker-toggle>
                            <pdk-interaction-container>
                              <div>
                                <div
                                  aria-expanded="false"
                                  aria-label="Toggle date picker"
                                  class="pdk-date-picker__toggle"
                                  role="button"
                                  tabindex="0"
                                >
                                  <pdk-date-picker-icon
                                    style="margin-top: -4px; display: inline-block; vertical-align: middle;"
                                  >
                                    <div
                                      style="display: flex; align-items: center; justify-content: center;"
                                    >
                                      <i
                                        style="height: 28px; width: 28px; fill: #333;"
                                      >
                                        <svg
                                          viewBox="0 0 448 512"
                                          xmlns="http://www.w3.org/2000/svg"
                                        >
                                          <path
                                            d="M148 288h-40c-6.6 0-12-5.4-12-12v-40c0-6.6 5.4-12 12-12h40c6.6 0 12 5.4 12 12v40c0 6.6-5.4 12-12 12zm108-12v-40c0-6.6-5.4-12-12-12h-40c-6.6 0-12 5.4-12 12v40c0 6.6 5.4 12 12 12h40c6.6 0 12-5.4 12-12zm96 0v-40c0-6.6-5.4-12-12-12h-40c-6.6 0-12 5.4-12 12v40c0 6.6 5.4 12 12 12h40c6.6 0 12-5.4 12-12zm-96 96v-40c0-6.6-5.4-12-12-12h-40c-6.6 0-12 5.4-12 12v40c0 6.6 5.4 12 12 12h40c6.6 0 12-5.4 12-12zm-96 0v-40c0-6.6-5.4-12-12-12h-40c-6.6 0-12 5.4-12 12v40c0 6.6 5.4 12 12 12h40c6.6 0 12-5.4 12-12zm192 0v-40c0-6.6-5.4-12-12-12h-40c-6.6 0-12 5.4-12 12v40c0 6.6 5.4 12 12 12h40c6.6 0 12-5.4 12-12zm96-260v352c0 26.5-21.5 48-48 48H48c-26.5 0-48-21.5-48-48V112c0-26.5 21.5-48 48-48h48V12c0-6.6 5.4-12 12-12h40c6.6 0 12 5.4 12 12v52h128V12c0-6.6 5.4-12 12-12h40c6.6 0 12 5.4 12 12v52h48c26.5 0 48 21.5 48 48zm-48 346V160H48v298c0 3.3 2.7 6 6 6h340c3.3 0 6-2.7 6-6z"
                                          />
                                        </svg>
                                      </i>
                                    </div>
                                  </pdk-date-picker-icon>
                                </div>
                              </div>
                            </pdk-interaction-container>
                          </pdk-date-picker-toggle>
                        </div>
                      </div>
                    </div>
                  </pdk-interaction-container>
                </pdk-date-input>
              </fieldset>
            </pdk-form-group>
          </pdk-form-field>
        </pdk-grid>
      </pdk-grid>
      <div
        class="scheduling-filters__form-actions"
      >
        <button
          class="govuk-!-margin-bottom-0 govuk-button"
          data-test-id="submit-filters"
          pdk-button=""
          pdk-margin-bottom="0"
        >
          Search
        </button>
        <div
          class="govuk-!-margin-left-4"
          pdk-margin-left="4"
        >
          <a
            class="govuk-link"
            data-test-id="reset-filters"
            href="javascript:void(0)"
            pdk-link=""
          >
            Reset filters
          </a>
        </div>
      </div>
    </form>
  </div>
</scheduling-filters>
`;
