// Jest Snapshot v1, https://goo.gl/fbAQLP

exports[`PoliceRanksSelectComponent should render 1`] = `
<cpp-police-ranks-select-test
  ariaDescribedBy={[Function String]}
  change={[Function Function]}
  disabled="false"
  fetchOptionsOnMount={[Function Boolean]}
  id={[Function String]}
  justified={[Function Boolean]}
  name={[Function String]}
  placeholder={[Function String]}
  policeForceCode="undefined"
  required="false"
>
  <cpp-police-ranks-select>
    <pdk-select>
       [] 
    </pdk-select>
  </cpp-police-ranks-select>
</cpp-police-ranks-select-test>
`;
