// Jest Snapshot v1, https://goo.gl/fbAQLP

exports[`SchedulingSlotsComponent should render 1`] = `
<scheduling-slots
  _hearingTypes={[Function Array]}
  _sendNotificationToParties="false"
  allocations={[Function Array]}
  currentPage={[Function Number]}
  errors={[Function EventEmitter_]}
  hearingSlotAllocations={[Function EventEmitter_]}
  hearingSlotMinutes="0"
  hearingSlots={[Function Array]}
  hearingTypesOptions={[Function Array]}
  maxPages={[Function Number]}
  pageChange={[Function EventEmitter_]}
  pageSize={[Function Number]}
  rotaBusinessTypesByCode={[Function Object]}
  selectedHearingSlotTimestamps={[Function Object]}
  selectedHearingTypeId="null"
  selectedSlotsModel={[Function Array]}
  selectionMode={[Function String]}
  totalResults="0"
>
</scheduling-slots>
`;
